// Jest Snapshot v1, https://goo.gl/fbAQLP

exports[`Pruebas en RegisterScreen Debe mostrar el componente correctamente 1`] = `
<div
  className="animate__animated animate__fadeIn animate__faster"
>
  <h3
    className="auth__title"
  >
    Register
  </h3>
  <form
    onSubmit={[Function]}
  >
    <input
      autoComplete="off"
      className="auth__input"
      name="name"
      onChange={[Function]}
      placeholder="Nombre"
      type="text"
      value=""
    />
    <input
      autoComplete="off"
      className="auth__input"
      name="email"
      onChange={[Function]}
      placeholder="Email"
      type="email"
      value=""
    />
    <input
      autoComplete="off"
      className="auth__input"
      name="password"
      onChange={[Function]}
      placeholder="Contraseña"
      type="password"
      value=""
    />
    <input
      autoComplete="off"
      className="auth__input"
      name="password2"
      onChange={[Function]}
      placeholder="Repetir contraseña"
      type="password"
      value=""
    />
    <button
      className="btn btn-primary btn-block mb-5"
      disabled={false}
      type="Submit"
    >
      Registrarse
    </button>
    <div
      className="text-center"
    >
      <a
        className="link"
        href="/auth/login"
        onClick={[Function]}
      >
        Already registered?
      </a>
    </div>
  </form>
</div>
`;
