// Jest Snapshot v1, https://goo.gl/fbAQLP

exports[`Pruebas en Sidebar Debe mostrar el componente correctamente 1`] = `
<aside
  className="journal__sidebar"
>
  <div
    className="journal__sidebar-navbar text-center mt-1 mb-1"
  >
    <h2>
      <i
        className="fas fa-user"
      />
      <span>
         
        Pepe Ruiz
      </span>
    </h2>
    <button
      className="btn"
      onClick={[Function]}
    >
      Logout
    </button>
  </div>
  <div
    className="journal__new-entry"
    onClick={[Function]}
  >
    <i
      className="fas fa-calendar-plus fa-5x"
    />
    <p
      className="mt-1"
    >
      New Entry
    </p>
  </div>
  <div
    className="journal__entries"
  />
</aside>
`;
